no change     /usr/local/miniconda3/condabin/conda
no change     /usr/local/miniconda3/bin/conda
no change     /usr/local/miniconda3/bin/conda-env
no change     /usr/local/miniconda3/bin/activate
no change     /usr/local/miniconda3/bin/deactivate
no change     /usr/local/miniconda3/etc/profile.d/conda.sh
no change     /usr/local/miniconda3/etc/fish/conf.d/conda.fish
no change     /usr/local/miniconda3/shell/condabin/Conda.psm1
no change     /usr/local/miniconda3/shell/condabin/conda-hook.ps1
no change     /usr/local/miniconda3/lib/python3.13/site-packages/xontrib/conda.xsh
no change     /usr/local/miniconda3/etc/profile.d/conda.csh
no change     /nas-ctm01/homes/pfsousa/.bashrc
no change     /nas-ctm01/homes/pfsousa/.zshrc
no change     /nas-ctm01/homes/pfsousa/.config/fish/config.fish
no change     /nas-ctm01/homes/pfsousa/.xonshrc
no change     /nas-ctm01/homes/pfsousa/.tcshrc
No action taken.
Loading ARGUMENT PARSER | /nas-ctm01/homes/pfsousa/data/metabreast/V0_args.yaml
Loading ARGUMENT PARSER | /nas-ctm01/homes/pfsousa/data/dukebreast/V0_args.yaml
Loading ARGUMENT PARSER | /nas-ctm01/homes/pfsousa/meddiff/runs/args_V0.yaml
loaded pretrained LPIPS loss from /nas-ctm01/homes/pfsousa/meddiff/vqgan/cache/vgg.pth

VQGAN Model | Allocated: 127.82568359375 MB
VQGAN Model | Reserved: 136.0 MB

Training: |          | 0/? [00:00<?, ?it/s]Training:   0% 0/857 [00:00<?, ?it/s]      Epoch 0:   0% 0/857 [00:00<?, ?it/s] cuda:0
VQGAN | Forward Pass | x: torch.Size([1, 1, 30, 128, 128]) | z: torch.Size([1, 32, 15, 64, 64]) | vq_out: torch.Size([1, 32, 15, 64, 64]) | x_recon: torch.Size([1, 1, 30, 128, 128])
Real Slice: torch.Size([1, 1, 128, 128])
Recon Slice: torch.Size([1, 1, 128, 128])
Epoch 0:   0% 1/857 [00:08<2:07:30,  8.94s/it]Epoch 0:   0% 1/857 [00:08<2:07:30,  8.94s/it, v_num=20278]cuda:0
